SIMULATION COMPLETED!

Process 0 [SYSTEM]:
    Thread  0:    ARR: 0      CPU: 100    I/O: 0      TRT: 120    END: 120   
    Thread  1:    ARR: 10     CPU: 10     I/O: 0      TRT: 60     END: 70    
    Thread  2:    ARR: 10     CPU: 10     I/O: 0      TRT: 64     END: 74    

