SIMULATION COMPLETED!

Process 0 [SYSTEM]:
    Thread  0:    ARR: 0      CPU: 4      I/O: 0      TRT: 12     END: 12    
    Thread  1:    ARR: 2      CPU: 2      I/O: 0      TRT: 4      END: 6     
    Thread  2:    ARR: 4      CPU: 2      I/O: 0      TRT: 4      END: 8     
    Thread  3:    ARR: 6      CPU: 2      I/O: 0      TRT: 4      END: 10    
    Thread  4:    ARR: 8      CPU: 2      I/O: 0      TRT: 3      END: 11    

