At time 0:
    THREAD_ARRIVED
    Thread 0 in process 0 [SYSTEM]
    Transitioned from NEW to READY

At time 0:
    THREAD_ARRIVED
    Thread 1 in process 0 [SYSTEM]
    Transitioned from NEW to READY

At time 0:
    THREAD_ARRIVED
    Thread 2 in process 0 [SYSTEM]
    Transitioned from NEW to READY

At time 0:
    DISPATCHER_INVOKED
    Thread 0 in process 0 [SYSTEM]
    Selected from 3 threads (vruntime = 0). Will run for at most 5 ticks.

At time 0:
    PROCESS_DISPATCH_COMPLETED
    Thread 0 in process 0 [SYSTEM]
    Transitioned from READY to RUNNING

At time 5:
    THREAD_PREEMPTED
    Thread 0 in process 0 [SYSTEM]
    Transitioned from RUNNING to READY

At time 5:
    DISPATCHER_INVOKED
    Thread 1 in process 0 [SYSTEM]
    Selected from 3 threads (vruntime = 0). Will run for at most 5 ticks.

At time 5:
    THREAD_DISPATCH_COMPLETED
    Thread 1 in process 0 [SYSTEM]
    Transitioned from READY to RUNNING

At time 10:
    THREAD_PREEMPTED
    Thread 1 in process 0 [SYSTEM]
    Transitioned from RUNNING to READY

At time 10:
    DISPATCHER_INVOKED
    Thread 2 in process 0 [SYSTEM]
    Selected from 3 threads (vruntime = 0). Will run for at most 5 ticks.

At time 10:
    THREAD_DISPATCH_COMPLETED
    Thread 2 in process 0 [SYSTEM]
    Transitioned from READY to RUNNING

At time 15:
    THREAD_PREEMPTED
    Thread 2 in process 0 [SYSTEM]
    Transitioned from RUNNING to READY

At time 15:
    DISPATCHER_INVOKED
    Thread 0 in process 0 [SYSTEM]
    Selected from 3 threads (vruntime = 0). Will run for at most 5 ticks.

At time 15:
    THREAD_DISPATCH_COMPLETED
    Thread 0 in process 0 [SYSTEM]
    Transitioned from READY to RUNNING

At time 20:
    THREAD_PREEMPTED
    Thread 0 in process 0 [SYSTEM]
    Transitioned from RUNNING to READY

At time 20:
    DISPATCHER_INVOKED
    Thread 1 in process 0 [SYSTEM]
    Selected from 3 threads (vruntime = 0). Will run for at most 5 ticks.

At time 20:
    THREAD_DISPATCH_COMPLETED
    Thread 1 in process 0 [SYSTEM]
    Transitioned from READY to RUNNING

At time 25:
    THREAD_COMPLETED
    Thread 1 in process 0 [SYSTEM]
    Transitioned from RUNNING to EXIT

At time 25:
    DISPATCHER_INVOKED
    Thread 2 in process 0 [SYSTEM]
    Selected from 2 threads (vruntime = 0). Will run for at most 12 ticks.

At time 25:
    THREAD_DISPATCH_COMPLETED
    Thread 2 in process 0 [SYSTEM]
    Transitioned from READY to RUNNING

At time 30:
    THREAD_COMPLETED
    Thread 2 in process 0 [SYSTEM]
    Transitioned from RUNNING to EXIT

At time 30:
    DISPATCHER_INVOKED
    Thread 0 in process 0 [SYSTEM]
    Selected from 1 threads (vruntime = 0). Will run for at most 48 ticks.

At time 30:
    THREAD_DISPATCH_COMPLETED
    Thread 0 in process 0 [SYSTEM]
    Transitioned from READY to RUNNING

At time 78:
    THREAD_PREEMPTED
    Thread 0 in process 0 [SYSTEM]
    Transitioned from RUNNING to READY

At time 78:
    DISPATCHER_INVOKED
    Thread 0 in process 0 [SYSTEM]
    Selected from 1 threads (vruntime = 0). Will run for at most 48 ticks.

At time 78:
    THREAD_DISPATCH_COMPLETED
    Thread 0 in process 0 [SYSTEM]
    Transitioned from READY to RUNNING

At time 120:
    THREAD_COMPLETED
    Thread 0 in process 0 [SYSTEM]
    Transitioned from RUNNING to EXIT

SIMULATION COMPLETED!

