SIMULATION COMPLETED!

Process 0 [SYSTEM]:
    Thread  0:    ARR: 0      CPU: 100    I/O: 0      TRT: 120    END: 120   
    Thread  1:    ARR: 10     CPU: 10     I/O: 0      TRT: 58     END: 68    
    Thread  2:    ARR: 10     CPU: 10     I/O: 0      TRT: 63     END: 73    

